
> clinic_frontend@0.0.1 start
> ng serve --host 0.0.0.0 --port 4200

cmd : [1m[33m
строка:1 знак:1
+ cmd /c npm start 2>&1 > build-output.txt
+ ~~~~~~~~~~~~~~~~~~~~~~~~~~~~~~~~~~~~~~~~
    + CategoryInfo          : NotSpecified: ([1m[33m:String) [], RemoteExcep 
   tion
    + FullyQualifiedErrorId : NativeCommandError
 
Warning: This is a simple server for use in testing or debugging Angular applic
ations
locally. It hasn't been reviewed for security issues.

Binding this server to an open connection can result in compromising your appli
cation or
computer. Using a different host than the one passed to the "--host" flag might
 result in
websocket connection issues.
    [39m[22m
[33mтЭп[39m Building...
[32mтЬФ[39m Building...
Application bundle generation failed. [1.846 seconds] - 2026-03-22T22:00:46.053Z

[1m[33m[33mтЦ▓ [43;33m[[43;30mWARNING[43;33m][0m [1mTypeScript compiler
 options 'target' and 'useDefineForClassFields' are set to 'ES2022' and 'false'
 respectively by the Angular CLI.[0m [1m[35m[plugin angular-compiler][0m

    tsconfig.json:0:0:
[37m      0 тФВ [32m[37m
        тХ╡ [32m^[0m

  To control ECMA version and features use the Browserslist configuration. For 
more information, see [4mhttps://angular.dev/tools/cli/build#configuring-brows
er-compatibility[0m

[39m[22m
[1m[31m[31mX [41;31m[[41;97mERROR[41;31m][0m [1mTS2307: Cannot find mod
ule '@angular/core/primitives/di' or its corresponding type declarations.[0m 
[1m[35m[plugin angular-compiler][0m

    node_modules/@angular/core/types/_discovery-chunk.d.ts:12:85:
[37m      12 тФВ ...s InjectionToken$1, NotFound } from [32m'@angular/core/pr
imitives/di'[37m;
         тХ╡                                        [32m~~~~~~~~~~~~~~~~~~~~~~
~~~~~~~[0m


[31mX [41;31m[[41;97mERROR[41;31m][0m [1mTS2307: Cannot find module '@ang
ular/common/http' or its corresponding type declarations.[0m [1m[35m[plugin 
angular-compiler][0m

    node_modules/@angular/platform-browser/types/platform-browser.d.ts:10:41:
[37m      10 тФВ import { HttpTransferCacheOptions } from [32m'@angular/commo
n/http'[37m;
         тХ╡                                          [32m~~~~~~~~~~~~~~~~~~~~
~~[0m


[31mX [41;31m[[41;97mERROR[41;31m][0m [1mTS2307: Cannot find module '@ang
ular/common/http' or its corresponding type declarations.[0m [1m[35m[plugin 
angular-compiler][0m

    src/app/services/api.service.ts:2:40:
[37m      2 тФВ import { HttpClient, HttpHeaders } from [32m'@angular/common/
http'[37m;
        тХ╡                                         [32m~~~~~~~~~~~~~~~~~~~~~~
[0m


[31mX [41;31m[[41;97mERROR[41;31m][0m [1mTS2307: Cannot find module '@ang
ular/common/http' or its corresponding type declarations.[0m [1m[35m[plugin 
angular-compiler][0m

    src/main.ts:6:33:
[37m      6 тФВ import { HttpClientModule } from [32m'@angular/common/http'[
37m;
        тХ╡                                  [32m~~~~~~~~~~~~~~~~~~~~~~[0m

[39m[22m
Watch mode enabled. Watching for file changes...
^C^C
